// Jest Snapshot v1, https://goo.gl/fbAQLP

exports[`parse-args --config c8 variations of config file should be able to read config files with .json, .yml, .yaml, .js, .cjs extensions should be able to resolve config file .c8.config.js by detection 1`] = `
",hey
i am a line of code
what
hey
what
hey
what
hey
----------|---------|----------|---------|---------|-------------------
File      | % Stmts | % Branch | % Funcs | % Lines | Uncovered Line #s 
----------|---------|----------|---------|---------|-------------------
All files |       0 |        0 |       0 |       0 |                   
----------|---------|----------|---------|---------|-------------------
,"
`;
